
> food-delivery-backend@1.0.0 build
> tsc

src/app.ts(1,8): error TS1192: Module '"C:/Users/khush/MyProject/src/types/express"' has no default export.
src/app.ts(2,8): error TS1259: Module '"C:/Users/khush/MyProject/node_modules/@types/cors/index"' can only be default-imported using the 'esModuleInterop' flag
src/config/db.ts(2,8): error TS1192: Module '"C:/Users/khush/MyProject/node_modules/dotenv/lib/main"' has no default export.
src/controllers/order.controller.ts(1,10): error TS2305: Module '"express"' has no exported member 'Request'.
src/controllers/order.controller.ts(1,19): error TS2305: Module '"express"' has no exported member 'Response'.
src/controllers/order.controller.ts(1,29): error TS2305: Module '"express"' has no exported member 'NextFunction'.
src/controllers/platform.controller.ts(1,10): error TS2305: Module '"express"' has no exported member 'Request'.
src/controllers/platform.controller.ts(1,19): error TS2305: Module '"express"' has no exported member 'Response'.
src/controllers/platform.controller.ts(1,29): error TS2305: Module '"express"' has no exported member 'NextFunction'.
src/controllers/priceComparison.controller.ts(1,10): error TS2305: Module '"express"' has no exported member 'Request'.
src/controllers/priceComparison.controller.ts(1,19): error TS2305: Module '"express"' has no exported member 'Response'.
src/controllers/priceComparison.controller.ts(1,29): error TS2305: Module '"express"' has no exported member 'NextFunction'.
src/controllers/priceComparison.controller.ts(48,10): error TS2305: Module '"../services/integration.service"' has no exported member 'IntegrationService'.
src/controllers/product.controller.ts(1,10): error TS2305: Module '"express"' has no exported member 'Request'.
src/controllers/product.controller.ts(1,19): error TS2305: Module '"express"' has no exported member 'Response'.
src/controllers/product.controller.ts(1,29): error TS2305: Module '"express"' has no exported member 'NextFunction'.
src/controllers/redirection.controller.ts(1,10): error TS2305: Module '"express"' has no exported member 'Request'.
src/controllers/redirection.controller.ts(1,19): error TS2305: Module '"express"' has no exported member 'Response'.
src/controllers/redirection.controller.ts(1,29): error TS2305: Module '"express"' has no exported member 'NextFunction'.
src/controllers/restaurant.controller.ts(1,10): error TS2305: Module '"express"' has no exported member 'Request'.
src/controllers/restaurant.controller.ts(1,19): error TS2305: Module '"express"' has no exported member 'Response'.
src/controllers/restaurant.controller.ts(1,29): error TS2305: Module '"express"' has no exported member 'NextFunction'.
src/controllers/user.controller.ts(1,10): error TS2305: Module '"express"' has no exported member 'Request'.
src/controllers/user.controller.ts(1,19): error TS2305: Module '"express"' has no exported member 'Response'.
src/controllers/user.controller.ts(1,29): error TS2305: Module '"express"' has no exported member 'NextFunction'.
src/middleware/auth.middleware.ts(1,10): error TS2305: Module '"express"' has no exported member 'Request'.
src/middleware/auth.middleware.ts(1,19): error TS2305: Module '"express"' has no exported member 'Response'.
src/middleware/auth.middleware.ts(1,29): error TS2305: Module '"express"' has no exported member 'NextFunction'.
src/middleware/auth.middleware.ts(2,8): error TS1192: Module '"C:/Users/khush/MyProject/node_modules/@types/jsonwebtoken/index"' has no default export.
src/middleware/error.middleware.ts(1,10): error TS2305: Module '"express"' has no exported member 'Request'.
src/middleware/error.middleware.ts(1,19): error TS2305: Module '"express"' has no exported member 'Response'.
src/middleware/error.middleware.ts(1,29): error TS2305: Module '"express"' has no exported member 'NextFunction'.
src/middleware/validation.middleware.ts(1,10): error TS2305: Module '"express"' has no exported member 'Request'.
src/middleware/validation.middleware.ts(1,19): error TS2305: Module '"express"' has no exported member 'Response'.
src/middleware/validation.middleware.ts(1,29): error TS2305: Module '"express"' has no exported member 'NextFunction'.
src/models/order.model.ts(4,10): error TS2614: Module '"./restaurant.model"' has no exported member 'Restaurant'. Did you mean to use 'import Restaurant from "./restaurant.model"' instead?
src/models/user.model.ts(2,8): error TS1192: Module '"C:/Users/khush/MyProject/node_modules/@types/bcryptjs/index"' has no default export.
src/routes/order.routes.ts(1,10): error TS2305: Module '"express"' has no exported member 'Router'.
src/routes/order.routes.ts(5,8): error TS1259: Module '"C:/Users/khush/MyProject/node_modules/joi/lib/index"' can only be default-imported using the 'esModuleInterop' flag
src/routes/platform.routes.ts(1,10): error TS2305: Module '"express"' has no exported member 'Router'.
src/routes/priceComparison.routes.ts(1,10): error TS2305: Module '"express"' has no exported member 'Router'.
src/routes/product.routes.ts(1,10): error TS2305: Module '"express"' has no exported member 'Router'.
src/routes/redirection.routes.ts(1,10): error TS2305: Module '"express"' has no exported member 'Router'.
src/routes/restaurant.routes.ts(1,10): error TS2305: Module '"express"' has no exported member 'Router'.
src/routes/restaurant.routes.ts(5,8): error TS1259: Module '"C:/Users/khush/MyProject/node_modules/joi/lib/index"' can only be default-imported using the 'esModuleInterop' flag
src/routes/user.routes.ts(1,10): error TS2305: Module '"express"' has no exported member 'Router'.
src/routes/user.routes.ts(5,8): error TS1259: Module '"C:/Users/khush/MyProject/node_modules/joi/lib/index"' can only be default-imported using the 'esModuleInterop' flag
src/services/order.service.ts(3,10): error TS2614: Module '"../models/restaurant.model"' has no exported member 'Restaurant'. Did you mean to use 'import Restaurant from "../models/restaurant.model"' instead?
src/services/restaurant.service.ts(1,10): error TS2614: Module '"../models/restaurant.model"' has no exported member 'Restaurant'. Did you mean to use 'import Restaurant from "../models/restaurant.model"' instead?
src/services/restaurant.service.ts(1,22): error TS2614: Module '"../models/restaurant.model"' has no exported member 'MenuItem'. Did you mean to use 'import MenuItem from "../models/restaurant.model"' instead?
src/services/user.service.ts(2,8): error TS1192: Module '"C:/Users/khush/MyProject/node_modules/@types/jsonwebtoken/index"' has no default export.
src/services/user.service.ts(3,8): error TS1192: Module '"C:/Users/khush/MyProject/node_modules/@types/bcryptjs/index"' has no default export.
